../Core/Src/main.c:80:5:main	48	static
../Core/Src/main.c:156:6:SystemClock_Config	88	static
../Core/Src/main.c:202:13:MX_I2C1_Init	8	static
../Core/Src/main.c:236:13:MX_I2S3_Init	8	static
../Core/Src/main.c:270:13:MX_SPI1_Init	8	static
../Core/Src/main.c:308:13:MX_TIM11_Init	8	static
../Core/Src/main.c:339:13:MX_GPIO_Init	56	static
../Core/Src/main.c:441:6:StartDefaultTask	16	static
../Core/Src/main.c:462:6:HAL_TIM_PeriodElapsedCallback	16	static
../Core/Src/main.c:479:6:Error_Handler	4	static,ignoring_inline_asm
